17:19:18 [WARN] Unsupported file type F:\laragon\www\h4ck.cl\src\pages\generator.astro.bak found. Prefix filename with an underscore (`_`) to ignore.
17:19:18 [WARN] Unsupported file type F:\laragon\www\h4ck.cl\src\pages\hall-of-fame.astro.bak found. Prefix filename with an underscore (`_`) to ignore.
17:19:18 [vite] Re-optimizing dependencies because vite config has changed
17:19:19 [types] Generated 380ms
17:19:19 [build] output: "static"
17:19:19 [build] directory: F:\laragon\www\h4ck.cl\dist\
17:19:19 [build] Collecting build info...
17:19:19 [build] ✓ Completed in 394ms.
17:19:19 [build] Building static entrypoints...
17:19:19 [ERROR] [vite] [31mx[39m Build failed in 740ms
[@tailwindcss/vite:generate:build] Cannot convert undefined or null to object
file: F:/laragon/www/h4ck.cl/src/pages/about.astro?astro&type=style&index=0&lang.css
  Stack trace:
    at B.generate (file:///F:/laragon/www/h4ck.cl/node_modules/@tailwindcss/vite/dist/index.mjs:1:5598)
    at async transform (file:///F:/laragon/www/h4ck.cl/node_modules/rollup/dist/es/shared/node-entry.js:21269:16)
